  Determining projects to restore...
  All projects are up-to-date for restore.
C:\Users\LENOVO\Desktop\Web_technologies\smesterProjectAuthentication\MyMvcAuthProject\Controllers\BookController.cs(14,62): warning CS8625: Cannot convert null literal to non-nullable reference type. [C:\Users\LENOVO\Desktop\Web_technologies\smesterProjectAuthentication\MyMvcAuthProject\MyMvcAuthProject.csproj]
C:\Users\LENOVO\Desktop\Web_technologies\smesterProjectAuthentication\MyMvcAuthProject\Controllers\ProfileController.cs(13,26): error CS0246: The type or namespace name 'UserManager<>' could not be found (are you missing a using directive or an assembly reference?) [C:\Users\LENOVO\Desktop\Web_technologies\smesterProjectAuthentication\MyMvcAuthProject\MyMvcAuthProject.csproj]
C:\Users\LENOVO\Desktop\Web_technologies\smesterProjectAuthentication\MyMvcAuthProject\Controllers\ProfileController.cs(13,38): error CS0246: The type or namespace name 'IdentityUser' could not be found (are you missing a using directive or an assembly reference?) [C:\Users\LENOVO\Desktop\Web_technologies\smesterProjectAuthentication\MyMvcAuthProject\MyMvcAuthProject.csproj]
C:\Users\LENOVO\Desktop\Web_technologies\smesterProjectAuthentication\MyMvcAuthProject\Controllers\ProfileController.cs(17,34): error CS0246: The type or namespace name 'UserManager<>' could not be found (are you missing a using directive or an assembly reference?) [C:\Users\LENOVO\Desktop\Web_technologies\smesterProjectAuthentication\MyMvcAuthProject\MyMvcAuthProject.csproj]
C:\Users\LENOVO\Desktop\Web_technologies\smesterProjectAuthentication\MyMvcAuthProject\Controllers\ProfileController.cs(17,46): error CS0246: The type or namespace name 'IdentityUser' could not be found (are you missing a using directive or an assembly reference?) [C:\Users\LENOVO\Desktop\Web_technologies\smesterProjectAuthentication\MyMvcAuthProject\MyMvcAuthProject.csproj]
C:\Users\LENOVO\Desktop\Web_technologies\smesterProjectAuthentication\MyMvcAuthProject\Controllers\ProfileController.cs(31,10): error CS0246: The type or namespace name 'AuthorizeAttribute' could not be found (are you missing a using directive or an assembly reference?) [C:\Users\LENOVO\Desktop\Web_technologies\smesterProjectAuthentication\MyMvcAuthProject\MyMvcAuthProject.csproj]
C:\Users\LENOVO\Desktop\Web_technologies\smesterProjectAuthentication\MyMvcAuthProject\Controllers\ProfileController.cs(31,10): error CS0246: The type or namespace name 'Authorize' could not be found (are you missing a using directive or an assembly reference?) [C:\Users\LENOVO\Desktop\Web_technologies\smesterProjectAuthentication\MyMvcAuthProject\MyMvcAuthProject.csproj]

Build FAILED.

C:\Users\LENOVO\Desktop\Web_technologies\smesterProjectAuthentication\MyMvcAuthProject\Controllers\BookController.cs(14,62): warning CS8625: Cannot convert null literal to non-nullable reference type. [C:\Users\LENOVO\Desktop\Web_technologies\smesterProjectAuthentication\MyMvcAuthProject\MyMvcAuthProject.csproj]
C:\Users\LENOVO\Desktop\Web_technologies\smesterProjectAuthentication\MyMvcAuthProject\Controllers\ProfileController.cs(13,26): error CS0246: The type or namespace name 'UserManager<>' could not be found (are you missing a using directive or an assembly reference?) [C:\Users\LENOVO\Desktop\Web_technologies\smesterProjectAuthentication\MyMvcAuthProject\MyMvcAuthProject.csproj]
C:\Users\LENOVO\Desktop\Web_technologies\smesterProjectAuthentication\MyMvcAuthProject\Controllers\ProfileController.cs(13,38): error CS0246: The type or namespace name 'IdentityUser' could not be found (are you missing a using directive or an assembly reference?) [C:\Users\LENOVO\Desktop\Web_technologies\smesterProjectAuthentication\MyMvcAuthProject\MyMvcAuthProject.csproj]
C:\Users\LENOVO\Desktop\Web_technologies\smesterProjectAuthentication\MyMvcAuthProject\Controllers\ProfileController.cs(17,34): error CS0246: The type or namespace name 'UserManager<>' could not be found (are you missing a using directive or an assembly reference?) [C:\Users\LENOVO\Desktop\Web_technologies\smesterProjectAuthentication\MyMvcAuthProject\MyMvcAuthProject.csproj]
C:\Users\LENOVO\Desktop\Web_technologies\smesterProjectAuthentication\MyMvcAuthProject\Controllers\ProfileController.cs(17,46): error CS0246: The type or namespace name 'IdentityUser' could not be found (are you missing a using directive or an assembly reference?) [C:\Users\LENOVO\Desktop\Web_technologies\smesterProjectAuthentication\MyMvcAuthProject\MyMvcAuthProject.csproj]
C:\Users\LENOVO\Desktop\Web_technologies\smesterProjectAuthentication\MyMvcAuthProject\Controllers\ProfileController.cs(31,10): error CS0246: The type or namespace name 'AuthorizeAttribute' could not be found (are you missing a using directive or an assembly reference?) [C:\Users\LENOVO\Desktop\Web_technologies\smesterProjectAuthentication\MyMvcAuthProject\MyMvcAuthProject.csproj]
C:\Users\LENOVO\Desktop\Web_technologies\smesterProjectAuthentication\MyMvcAuthProject\Controllers\ProfileController.cs(31,10): error CS0246: The type or namespace name 'Authorize' could not be found (are you missing a using directive or an assembly reference?) [C:\Users\LENOVO\Desktop\Web_technologies\smesterProjectAuthentication\MyMvcAuthProject\MyMvcAuthProject.csproj]
    1 Warning(s)
    6 Error(s)

Time Elapsed 00:00:02.85
